SQL> select ename,loc
  2  from emp,dept
  3  where emp.deptno=dept.deptno;

ENAME      LOC                                                                  
---------- -------------                                                        
CLARK      NEW YORK                                                             
KING       NEW YORK                                                             
MILLER     NEW YORK                                                             
JONES      DALLAS                                                               
FORD       DALLAS                                                               
ADAMS      DALLAS                                                               
SMITH      DALLAS                                                               
SCOTT      DALLAS                                                               
WARD       CHICAGO                                                              
TURNER     CHICAGO                                                              
ALLEN      CHICAGO                                                              

ENAME      LOC                                                                  
---------- -------------                                                        
JAMES      CHICAGO                                                              
BLAKE      CHICAGO                                                              
MARTIN     CHICAGO                                                              

14 rows selected.

SQL> --2--
SQL> select dname,sal
  2  from emp,dept
  3  where emp.deptnp=dept.deptno and dept='ACCOUNTING';
where emp.deptnp=dept.deptno and dept='ACCOUNTING'
                                 *
ERROR at line 3:
ORA-00904: "DEPT": invalid identifier 


SQL> select dname,sal
  2  from emp inner join dept
  3  on deptno
  4  where dept='ACCOUNTING';
where dept='ACCOUNTING'
*
ERROR at line 4:
ORA-00920: invalid relational operator 


SQL> select dname,sal
  2  from emp inner join dept
  3  on deptno
  4  where dept in 'ACCOUNTING';
where dept in 'ACCOUNTING'
*
ERROR at line 4:
ORA-00920: invalid relational operator 


SQL> select dname,sal
  2  from emp inner join dept
  3  on deptno
  4  where dname in 'ACCOUNTING';
where dname in 'ACCOUNTING'
*
ERROR at line 4:
ORA-00920: invalid relational operator 


SQL> 
SQL> select dname,sal
  2  from emp inner join dept
  3  on deptno
  4  where dname='ACCOUNTING';
where dname='ACCOUNTING'
*
ERROR at line 4:
ORA-00920: invalid relational operator 


SQL> select dname,sal
  2  from emp inner join dept
  3  on emp.deptno=dept.deptno
  4  where dname='ACCOUNTING';

DNAME                 SAL                                                       
-------------- ----------                                                       
ACCOUNTING           2450                                                       
ACCOUNTING           5000                                                       
ACCOUNTING           1300                                                       

SQL> --3--
SQL> select dname,sal*12 "ANNUAL SALARY"
  2  from dept,emp
  3  where dept.deptno=emp.deptno and sal>2340;

DNAME          ANNUAL SALARY                                                    
-------------- -------------                                                    
ACCOUNTING             29400                                                    
ACCOUNTING             60000                                                    
RESEARCH               36000                                                    
RESEARCH               36000                                                    
RESEARCH               35700                                                    
SALES                  34200                                                    

6 rows selected.

SQL> --4--
SQL> select ename,dname
  2  from emp,dept
  3  where dept.deptno=emp.deptno and dname like '%A%';

ENAME      DNAME                                                                
---------- --------------                                                       
CLARK      ACCOUNTING                                                           
KING       ACCOUNTING                                                           
MILLER     ACCOUNTING                                                           
JONES      RESEARCH                                                             
FORD       RESEARCH                                                             
ADAMS      RESEARCH                                                             
SMITH      RESEARCH                                                             
SCOTT      RESEARCH                                                             
WARD       SALES                                                                
TURNER     SALES                                                                
ALLEN      SALES                                                                

ENAME      DNAME                                                                
---------- --------------                                                       
JAMES      SALES                                                                
BLAKE      SALES                                                                
MARTIN     SALES                                                                

14 rows selected.

SQL> --5--
SQL> select ename,dname
  2  from emp,dept
  3  where job='SALESMAN';

ENAME      DNAME                                                                
---------- --------------                                                       
ALLEN      ACCOUNTING                                                           
ALLEN      RESEARCH                                                             
ALLEN      SALES                                                                
ALLEN      OPERATIONS                                                           
WARD       ACCOUNTING                                                           
WARD       RESEARCH                                                             
WARD       SALES                                                                
WARD       OPERATIONS                                                           
MARTIN     ACCOUNTING                                                           
MARTIN     RESEARCH                                                             
MARTIN     SALES                                                                

ENAME      DNAME                                                                
---------- --------------                                                       
MARTIN     OPERATIONS                                                           
TURNER     ACCOUNTING                                                           
TURNER     RESEARCH                                                             
TURNER     SALES                                                                
TURNER     OPERATIONS                                                           

16 rows selected.

SQL> select ename,dname
  2  from emp,dept
  3  where EMP.job='SALESMAN';

ENAME      DNAME                                                                
---------- --------------                                                       
ALLEN      ACCOUNTING                                                           
ALLEN      RESEARCH                                                             
ALLEN      SALES                                                                
ALLEN      OPERATIONS                                                           
WARD       ACCOUNTING                                                           
WARD       RESEARCH                                                             
WARD       SALES                                                                
WARD       OPERATIONS                                                           
MARTIN     ACCOUNTING                                                           
MARTIN     RESEARCH                                                             
MARTIN     SALES                                                                

ENAME      DNAME                                                                
---------- --------------                                                       
MARTIN     OPERATIONS                                                           
TURNER     ACCOUNTING                                                           
TURNER     RESEARCH                                                             
TURNER     SALES                                                                
TURNER     OPERATIONS                                                           

16 rows selected.

SQL> SELECT * FROM EMP,DEPT;

     EMPNO ENAME      JOB              MGR HIREDATE         SAL       COMM      
---------- ---------- --------- ---------- --------- ---------- ----------      
    DEPTNO     DEPTNO DNAME          LOC                                        
---------- ---------- -------------- -------------                              
      7369 SMITH      CLERK           7902 17-DEC-80        800                 
        20         10 ACCOUNTING     NEW YORK                                   
                                                                                
      7499 ALLEN      SALESMAN        7698 20-FEB-81       1600        300      
        30         10 ACCOUNTING     NEW YORK                                   
                                                                                
      7521 WARD       SALESMAN        7698 22-FEB-81       1250        500      
        30         10 ACCOUNTING     NEW YORK                                   
                                                                                

     EMPNO ENAME      JOB              MGR HIREDATE         SAL       COMM      
---------- ---------- --------- ---------- --------- ---------- ----------      
    DEPTNO     DEPTNO DNAME          LOC                                        
---------- ---------- -------------- -------------                              
      7566 JONES      MANAGER         7839 02-APR-81       2975                 
        20         10 ACCOUNTING     NEW YORK                                   
                                                                                
      7654 MARTIN     SALESMAN        7698 28-SEP-81       1250       1400      
        30         10 ACCOUNTING     NEW YORK                                   
                                                                                
      7698 BLAKE      MANAGER         7839 01-MAY-81       2850                 
        30         10 ACCOUNTING     NEW YORK                                   
                                                                                

     EMPNO ENAME      JOB              MGR HIREDATE         SAL       COMM      
---------- ---------- --------- ---------- --------- ---------- ----------      
    DEPTNO     DEPTNO DNAME          LOC                                        
---------- ---------- -------------- -------------                              
      7782 CLARK      MANAGER         7839 09-JUN-81       2450                 
        10         10 ACCOUNTING     NEW YORK                                   
                                                                                
      7788 SCOTT      ANALYST         7566 19-APR-87       3000                 
        20         10 ACCOUNTING     NEW YORK                                   
                                                                                
      7839 KING       PRESIDENT            17-NOV-81       5000                 
        10         10 ACCOUNTING     NEW YORK                                   
                                                                                

     EMPNO ENAME      JOB              MGR HIREDATE         SAL       COMM      
---------- ---------- --------- ---------- --------- ---------- ----------      
    DEPTNO     DEPTNO DNAME          LOC                                        
---------- ---------- -------------- -------------                              
      7844 TURNER     SALESMAN        7698 08-SEP-81       1500          0      
        30         10 ACCOUNTING     NEW YORK                                   
                                                                                
      7876 ADAMS      CLERK           7788 23-MAY-87       1100                 
        20         10 ACCOUNTING     NEW YORK                                   
                                                                                
      7900 JAMES      CLERK           7698 03-DEC-81        950                 
        30         10 ACCOUNTING     NEW YORK                                   
                                                                                

     EMPNO ENAME      JOB              MGR HIREDATE         SAL       COMM      
---------- ---------- --------- ---------- --------- ---------- ----------      
    DEPTNO     DEPTNO DNAME          LOC                                        
---------- ---------- -------------- -------------                              
      7902 FORD       ANALYST         7566 03-DEC-81       3000                 
        20         10 ACCOUNTING     NEW YORK                                   
                                                                                
      7934 MILLER     CLERK           7782 23-JAN-82       1300                 
        10         10 ACCOUNTING     NEW YORK                                   
                                                                                
      7369 SMITH      CLERK           7902 17-DEC-80        800                 
        20         20 RESEARCH       DALLAS                                     
                                                                                

     EMPNO ENAME      JOB              MGR HIREDATE         SAL       COMM      
---------- ---------- --------- ---------- --------- ---------- ----------      
    DEPTNO     DEPTNO DNAME          LOC                                        
---------- ---------- -------------- -------------                              
      7499 ALLEN      SALESMAN        7698 20-FEB-81       1600        300      
        30         20 RESEARCH       DALLAS                                     
                                                                                
      7521 WARD       SALESMAN        7698 22-FEB-81       1250        500      
        30         20 RESEARCH       DALLAS                                     
                                                                                
      7566 JONES      MANAGER         7839 02-APR-81       2975                 
        20         20 RESEARCH       DALLAS                                     
                                                                                

     EMPNO ENAME      JOB              MGR HIREDATE         SAL       COMM      
---------- ---------- --------- ---------- --------- ---------- ----------      
    DEPTNO     DEPTNO DNAME          LOC                                        
---------- ---------- -------------- -------------                              
      7654 MARTIN     SALESMAN        7698 28-SEP-81       1250       1400      
        30         20 RESEARCH       DALLAS                                     
                                                                                
      7698 BLAKE      MANAGER         7839 01-MAY-81       2850                 
        30         20 RESEARCH       DALLAS                                     
                                                                                
      7782 CLARK      MANAGER         7839 09-JUN-81       2450                 
        10         20 RESEARCH       DALLAS                                     
                                                                                

     EMPNO ENAME      JOB              MGR HIREDATE         SAL       COMM      
---------- ---------- --------- ---------- --------- ---------- ----------      
    DEPTNO     DEPTNO DNAME          LOC                                        
---------- ---------- -------------- -------------                              
      7788 SCOTT      ANALYST         7566 19-APR-87       3000                 
        20         20 RESEARCH       DALLAS                                     
                                                                                
      7839 KING       PRESIDENT            17-NOV-81       5000                 
        10         20 RESEARCH       DALLAS                                     
                                                                                
      7844 TURNER     SALESMAN        7698 08-SEP-81       1500          0      
        30         20 RESEARCH       DALLAS                                     
                                                                                

     EMPNO ENAME      JOB              MGR HIREDATE         SAL       COMM      
---------- ---------- --------- ---------- --------- ---------- ----------      
    DEPTNO     DEPTNO DNAME          LOC                                        
---------- ---------- -------------- -------------                              
      7876 ADAMS      CLERK           7788 23-MAY-87       1100                 
        20         20 RESEARCH       DALLAS                                     
                                                                                
      7900 JAMES      CLERK           7698 03-DEC-81        950                 
        30         20 RESEARCH       DALLAS                                     
                                                                                
      7902 FORD       ANALYST         7566 03-DEC-81       3000                 
        20         20 RESEARCH       DALLAS                                     
                                                                                

     EMPNO ENAME      JOB              MGR HIREDATE         SAL       COMM      
---------- ---------- --------- ---------- --------- ---------- ----------      
    DEPTNO     DEPTNO DNAME          LOC                                        
---------- ---------- -------------- -------------                              
      7934 MILLER     CLERK           7782 23-JAN-82       1300                 
        10         20 RESEARCH       DALLAS                                     
                                                                                
      7369 SMITH      CLERK           7902 17-DEC-80        800                 
        20         30 SALES          CHICAGO                                    
                                                                                
      7499 ALLEN      SALESMAN        7698 20-FEB-81       1600        300      
        30         30 SALES          CHICAGO                                    
                                                                                

     EMPNO ENAME      JOB              MGR HIREDATE         SAL       COMM      
---------- ---------- --------- ---------- --------- ---------- ----------      
    DEPTNO     DEPTNO DNAME          LOC                                        
---------- ---------- -------------- -------------                              
      7521 WARD       SALESMAN        7698 22-FEB-81       1250        500      
        30         30 SALES          CHICAGO                                    
                                                                                
      7566 JONES      MANAGER         7839 02-APR-81       2975                 
        20         30 SALES          CHICAGO                                    
                                                                                
      7654 MARTIN     SALESMAN        7698 28-SEP-81       1250       1400      
        30         30 SALES          CHICAGO                                    
                                                                                

     EMPNO ENAME      JOB              MGR HIREDATE         SAL       COMM      
---------- ---------- --------- ---------- --------- ---------- ----------      
    DEPTNO     DEPTNO DNAME          LOC                                        
---------- ---------- -------------- -------------                              
      7698 BLAKE      MANAGER         7839 01-MAY-81       2850                 
        30         30 SALES          CHICAGO                                    
                                                                                
      7782 CLARK      MANAGER         7839 09-JUN-81       2450                 
        10         30 SALES          CHICAGO                                    
                                                                                
      7788 SCOTT      ANALYST         7566 19-APR-87       3000                 
        20         30 SALES          CHICAGO                                    
                                                                                

     EMPNO ENAME      JOB              MGR HIREDATE         SAL       COMM      
---------- ---------- --------- ---------- --------- ---------- ----------      
    DEPTNO     DEPTNO DNAME          LOC                                        
---------- ---------- -------------- -------------                              
      7839 KING       PRESIDENT            17-NOV-81       5000                 
        10         30 SALES          CHICAGO                                    
                                                                                
      7844 TURNER     SALESMAN        7698 08-SEP-81       1500          0      
        30         30 SALES          CHICAGO                                    
                                                                                
      7876 ADAMS      CLERK           7788 23-MAY-87       1100                 
        20         30 SALES          CHICAGO                                    
                                                                                

     EMPNO ENAME      JOB              MGR HIREDATE         SAL       COMM      
---------- ---------- --------- ---------- --------- ---------- ----------      
    DEPTNO     DEPTNO DNAME          LOC                                        
---------- ---------- -------------- -------------                              
      7900 JAMES      CLERK           7698 03-DEC-81        950                 
        30         30 SALES          CHICAGO                                    
                                                                                
      7902 FORD       ANALYST         7566 03-DEC-81       3000                 
        20         30 SALES          CHICAGO                                    
                                                                                
      7934 MILLER     CLERK           7782 23-JAN-82       1300                 
        10         30 SALES          CHICAGO                                    
                                                                                

     EMPNO ENAME      JOB              MGR HIREDATE         SAL       COMM      
---------- ---------- --------- ---------- --------- ---------- ----------      
    DEPTNO     DEPTNO DNAME          LOC                                        
---------- ---------- -------------- -------------                              
      7369 SMITH      CLERK           7902 17-DEC-80        800                 
        20         40 OPERATIONS     BOSTON                                     
                                                                                
      7499 ALLEN      SALESMAN        7698 20-FEB-81       1600        300      
        30         40 OPERATIONS     BOSTON                                     
                                                                                
      7521 WARD       SALESMAN        7698 22-FEB-81       1250        500      
        30         40 OPERATIONS     BOSTON                                     
                                                                                

     EMPNO ENAME      JOB              MGR HIREDATE         SAL       COMM      
---------- ---------- --------- ---------- --------- ---------- ----------      
    DEPTNO     DEPTNO DNAME          LOC                                        
---------- ---------- -------------- -------------                              
      7566 JONES      MANAGER         7839 02-APR-81       2975                 
        20         40 OPERATIONS     BOSTON                                     
                                                                                
      7654 MARTIN     SALESMAN        7698 28-SEP-81       1250       1400      
        30         40 OPERATIONS     BOSTON                                     
                                                                                
      7698 BLAKE      MANAGER         7839 01-MAY-81       2850                 
        30         40 OPERATIONS     BOSTON                                     
                                                                                

     EMPNO ENAME      JOB              MGR HIREDATE         SAL       COMM      
---------- ---------- --------- ---------- --------- ---------- ----------      
    DEPTNO     DEPTNO DNAME          LOC                                        
---------- ---------- -------------- -------------                              
      7782 CLARK      MANAGER         7839 09-JUN-81       2450                 
        10         40 OPERATIONS     BOSTON                                     
                                                                                
      7788 SCOTT      ANALYST         7566 19-APR-87       3000                 
        20         40 OPERATIONS     BOSTON                                     
                                                                                
      7839 KING       PRESIDENT            17-NOV-81       5000                 
        10         40 OPERATIONS     BOSTON                                     
                                                                                

     EMPNO ENAME      JOB              MGR HIREDATE         SAL       COMM      
---------- ---------- --------- ---------- --------- ---------- ----------      
    DEPTNO     DEPTNO DNAME          LOC                                        
---------- ---------- -------------- -------------                              
      7844 TURNER     SALESMAN        7698 08-SEP-81       1500          0      
        30         40 OPERATIONS     BOSTON                                     
                                                                                
      7876 ADAMS      CLERK           7788 23-MAY-87       1100                 
        20         40 OPERATIONS     BOSTON                                     
                                                                                
      7900 JAMES      CLERK           7698 03-DEC-81        950                 
        30         40 OPERATIONS     BOSTON                                     
                                                                                

     EMPNO ENAME      JOB              MGR HIREDATE         SAL       COMM      
---------- ---------- --------- ---------- --------- ---------- ----------      
    DEPTNO     DEPTNO DNAME          LOC                                        
---------- ---------- -------------- -------------                              
      7902 FORD       ANALYST         7566 03-DEC-81       3000                 
        20         40 OPERATIONS     BOSTON                                     
                                                                                
      7934 MILLER     CLERK           7782 23-JAN-82       1300                 
        10         40 OPERATIONS     BOSTON                                     
                                                                                

56 rows selected.

SQL> SET PAGES 100 LINES 100
SQL> SELECT * FROM EMP,DEPT;

     EMPNO ENAME      JOB              MGR HIREDATE         SAL       COMM     DEPTNO     DEPTNO    
---------- ---------- --------- ---------- --------- ---------- ---------- ---------- ----------    
DNAME          LOC                                                                                  
-------------- -------------                                                                        
      7369 SMITH      CLERK           7902 17-DEC-80        800                    20         10    
ACCOUNTING     NEW YORK                                                                             
                                                                                                    
      7499 ALLEN      SALESMAN        7698 20-FEB-81       1600        300         30         10    
ACCOUNTING     NEW YORK                                                                             
                                                                                                    
      7521 WARD       SALESMAN        7698 22-FEB-81       1250        500         30         10    
ACCOUNTING     NEW YORK                                                                             
                                                                                                    
      7566 JONES      MANAGER         7839 02-APR-81       2975                    20         10    
ACCOUNTING     NEW YORK                                                                             
                                                                                                    
      7654 MARTIN     SALESMAN        7698 28-SEP-81       1250       1400         30         10    
ACCOUNTING     NEW YORK                                                                             
                                                                                                    
      7698 BLAKE      MANAGER         7839 01-MAY-81       2850                    30         10    
ACCOUNTING     NEW YORK                                                                             
                                                                                                    
      7782 CLARK      MANAGER         7839 09-JUN-81       2450                    10         10    
ACCOUNTING     NEW YORK                                                                             
                                                                                                    
      7788 SCOTT      ANALYST         7566 19-APR-87       3000                    20         10    
ACCOUNTING     NEW YORK                                                                             
                                                                                                    
      7839 KING       PRESIDENT            17-NOV-81       5000                    10         10    
ACCOUNTING     NEW YORK                                                                             
                                                                                                    
      7844 TURNER     SALESMAN        7698 08-SEP-81       1500          0         30         10    
ACCOUNTING     NEW YORK                                                                             
                                                                                                    
      7876 ADAMS      CLERK           7788 23-MAY-87       1100                    20         10    
ACCOUNTING     NEW YORK                                                                             
                                                                                                    
      7900 JAMES      CLERK           7698 03-DEC-81        950                    30         10    
ACCOUNTING     NEW YORK                                                                             
                                                                                                    
      7902 FORD       ANALYST         7566 03-DEC-81       3000                    20         10    
ACCOUNTING     NEW YORK                                                                             
                                                                                                    
      7934 MILLER     CLERK           7782 23-JAN-82       1300                    10         10    
ACCOUNTING     NEW YORK                                                                             
                                                                                                    
      7369 SMITH      CLERK           7902 17-DEC-80        800                    20         20    
RESEARCH       DALLAS                                                                               
                                                                                                    
      7499 ALLEN      SALESMAN        7698 20-FEB-81       1600        300         30         20    
RESEARCH       DALLAS                                                                               
                                                                                                    
      7521 WARD       SALESMAN        7698 22-FEB-81       1250        500         30         20    
RESEARCH       DALLAS                                                                               
                                                                                                    
      7566 JONES      MANAGER         7839 02-APR-81       2975                    20         20    
RESEARCH       DALLAS                                                                               
                                                                                                    
      7654 MARTIN     SALESMAN        7698 28-SEP-81       1250       1400         30         20    
RESEARCH       DALLAS                                                                               
                                                                                                    
      7698 BLAKE      MANAGER         7839 01-MAY-81       2850                    30         20    
RESEARCH       DALLAS                                                                               
                                                                                                    
      7782 CLARK      MANAGER         7839 09-JUN-81       2450                    10         20    
RESEARCH       DALLAS                                                                               
                                                                                                    
      7788 SCOTT      ANALYST         7566 19-APR-87       3000                    20         20    
RESEARCH       DALLAS                                                                               
                                                                                                    
      7839 KING       PRESIDENT            17-NOV-81       5000                    10         20    
RESEARCH       DALLAS                                                                               
                                                                                                    
      7844 TURNER     SALESMAN        7698 08-SEP-81       1500          0         30         20    
RESEARCH       DALLAS                                                                               
                                                                                                    
      7876 ADAMS      CLERK           7788 23-MAY-87       1100                    20         20    
RESEARCH       DALLAS                                                                               
                                                                                                    
      7900 JAMES      CLERK           7698 03-DEC-81        950                    30         20    
RESEARCH       DALLAS                                                                               
                                                                                                    
      7902 FORD       ANALYST         7566 03-DEC-81       3000                    20         20    
RESEARCH       DALLAS                                                                               
                                                                                                    
      7934 MILLER     CLERK           7782 23-JAN-82       1300                    10         20    
RESEARCH       DALLAS                                                                               
                                                                                                    
      7369 SMITH      CLERK           7902 17-DEC-80        800                    20         30    
SALES          CHICAGO                                                                              
                                                                                                    
      7499 ALLEN      SALESMAN        7698 20-FEB-81       1600        300         30         30    
SALES          CHICAGO                                                                              
                                                                                                    
      7521 WARD       SALESMAN        7698 22-FEB-81       1250        500         30         30    
SALES          CHICAGO                                                                              
                                                                                                    
      7566 JONES      MANAGER         7839 02-APR-81       2975                    20         30    
SALES          CHICAGO                                                                              

     EMPNO ENAME      JOB              MGR HIREDATE         SAL       COMM     DEPTNO     DEPTNO    
---------- ---------- --------- ---------- --------- ---------- ---------- ---------- ----------    
DNAME          LOC                                                                                  
-------------- -------------                                                                        
                                                                                                    
      7654 MARTIN     SALESMAN        7698 28-SEP-81       1250       1400         30         30    
SALES          CHICAGO                                                                              
                                                                                                    
      7698 BLAKE      MANAGER         7839 01-MAY-81       2850                    30         30    
SALES          CHICAGO                                                                              
                                                                                                    
      7782 CLARK      MANAGER         7839 09-JUN-81       2450                    10         30    
SALES          CHICAGO                                                                              
                                                                                                    
      7788 SCOTT      ANALYST         7566 19-APR-87       3000                    20         30    
SALES          CHICAGO                                                                              
                                                                                                    
      7839 KING       PRESIDENT            17-NOV-81       5000                    10         30    
SALES          CHICAGO                                                                              
                                                                                                    
      7844 TURNER     SALESMAN        7698 08-SEP-81       1500          0         30         30    
SALES          CHICAGO                                                                              
                                                                                                    
      7876 ADAMS      CLERK           7788 23-MAY-87       1100                    20         30    
SALES          CHICAGO                                                                              
                                                                                                    
      7900 JAMES      CLERK           7698 03-DEC-81        950                    30         30    
SALES          CHICAGO                                                                              
                                                                                                    
      7902 FORD       ANALYST         7566 03-DEC-81       3000                    20         30    
SALES          CHICAGO                                                                              
                                                                                                    
      7934 MILLER     CLERK           7782 23-JAN-82       1300                    10         30    
SALES          CHICAGO                                                                              
                                                                                                    
      7369 SMITH      CLERK           7902 17-DEC-80        800                    20         40    
OPERATIONS     BOSTON                                                                               
                                                                                                    
      7499 ALLEN      SALESMAN        7698 20-FEB-81       1600        300         30         40    
OPERATIONS     BOSTON                                                                               
                                                                                                    
      7521 WARD       SALESMAN        7698 22-FEB-81       1250        500         30         40    
OPERATIONS     BOSTON                                                                               
                                                                                                    
      7566 JONES      MANAGER         7839 02-APR-81       2975                    20         40    
OPERATIONS     BOSTON                                                                               
                                                                                                    
      7654 MARTIN     SALESMAN        7698 28-SEP-81       1250       1400         30         40    
OPERATIONS     BOSTON                                                                               
                                                                                                    
      7698 BLAKE      MANAGER         7839 01-MAY-81       2850                    30         40    
OPERATIONS     BOSTON                                                                               
                                                                                                    
      7782 CLARK      MANAGER         7839 09-JUN-81       2450                    10         40    
OPERATIONS     BOSTON                                                                               
                                                                                                    
      7788 SCOTT      ANALYST         7566 19-APR-87       3000                    20         40    
OPERATIONS     BOSTON                                                                               
                                                                                                    
      7839 KING       PRESIDENT            17-NOV-81       5000                    10         40    
OPERATIONS     BOSTON                                                                               
                                                                                                    
      7844 TURNER     SALESMAN        7698 08-SEP-81       1500          0         30         40    
OPERATIONS     BOSTON                                                                               
                                                                                                    
      7876 ADAMS      CLERK           7788 23-MAY-87       1100                    20         40    
OPERATIONS     BOSTON                                                                               
                                                                                                    
      7900 JAMES      CLERK           7698 03-DEC-81        950                    30         40    
OPERATIONS     BOSTON                                                                               
                                                                                                    
      7902 FORD       ANALYST         7566 03-DEC-81       3000                    20         40    
OPERATIONS     BOSTON                                                                               
                                                                                                    
      7934 MILLER     CLERK           7782 23-JAN-82       1300                    10         40    
OPERATIONS     BOSTON                                                                               
                                                                                                    

56 rows selected.

SQL> --6--
SQL> select dname,job
  2  ;

*
ERROR at line 2:
ORA-00923: FROM keyword not found where expected 


SQL> select ename,dname
  2  from emp,dept
  3  where dept.deptno=emp.deptno and job='SALESMAN';

ENAME      DNAME                                                                                    
---------- --------------                                                                           
ALLEN      SALES                                                                                    
TURNER     SALES                                                                                    
MARTIN     SALES                                                                                    
WARD       SALES                                                                                    

SQL> --6--
SQL> SELECT dname,job
  2  from dept,emp
  3  where dept.deptno=emp.deptno and job like '%S%' and dname like '%S%';

DNAME          JOB                                                                                  
-------------- ---------                                                                            
SALES          SALESMAN                                                                             
SALES          SALESMAN                                                                             
SALES          SALESMAN                                                                             
RESEARCH       ANALYST                                                                              
SALES          SALESMAN                                                                             
RESEARCH       ANALYST                                                                              

6 rows selected.

SQL> --7--
SQL> select dname,mgr
  2  from emp,dept
  3  where dept.deptno=emp.deptno and mgr=(select empno from emp where mgr=7839);
where dept.deptno=emp.deptno and mgr=(select empno from emp where mgr=7839)
                                      *
ERROR at line 3:
ORA-01427: single-row subquery returns more than one row 


SQL> select dname,mgr
  2  from emp,dept
  3  where dept.deptno=emp.deptno and mgr in (select empno from emp where mgr=7839);

DNAME                 MGR                                                                           
-------------- ----------                                                                           
RESEARCH             7566                                                                           
RESEARCH             7566                                                                           
SALES                7698                                                                           
SALES                7698                                                                           
SALES                7698                                                                           
SALES                7698                                                                           
SALES                7698                                                                           
ACCOUNTING           7782                                                                           

8 rows selected.

SQL> --8--
SQL> select dname,hiredate
  2  from emp,dept
  3  where dept.deptno=emp.deptno and hiredate >83 and dname in('ACCOUNTING','RESEARCH');
where dept.deptno=emp.deptno and hiredate >83 and dname in('ACCOUNTING','RESEARCH')
                                          *
ERROR at line 3:
ORA-00932: inconsistent datatypes: expected DATE got NUMBER 


SQL> select dname,hiredate
  2  from emp,dept
  3  where dept.deptno=emp.deptno and hiredate > '01-JAN-84' and dname in('ACCOUNTING','RESEARCH');

DNAME          HIREDATE                                                                             
-------------- ---------                                                                            
RESEARCH       19-APR-87                                                                            
RESEARCH       23-MAY-87                                                                            

SQL> --9--
SQL> select ename,dname
  2  from emp,dept
  3  where dept.deptno=emp.deptno comm is not null and deptno in(10,30);
where dept.deptno=emp.deptno comm is not null and deptno in(10,30)
                             *
ERROR at line 3:
ORA-00933: SQL command not properly ended 


SQL> select ename,dname
  2  from emp,dept
  3  where dept.deptno=emp.deptno comm is not null and deptno in(10,30);
where dept.deptno=emp.deptno comm is not null and deptno in(10,30)
                             *
ERROR at line 3:
ORA-00933: SQL command not properly ended 


SQL> select ename,dname
  2  from emp,dept
  3  where dept.deptno=emp.deptno comm is not null and (deptno=10 0r deptno=30);
where dept.deptno=emp.deptno comm is not null and (deptno=10 0r deptno=30)
                             *
ERROR at line 3:
ORA-00933: SQL command not properly ended 


SQL> select ename,dname
  2  from emp,dept
  3  where dept.deptno=emp.deptno and (deptno=10 0r deptno=30);
where dept.deptno=emp.deptno and (deptno=10 0r deptno=30)
                                        *
ERROR at line 3:
ORA-00907: missing right parenthesis 


SQL> select ename,dname
  2  from emp,dept
  3  where dept.deptno=emp.deptno and deptno=10 0r deptno=30
  4  group by comm
  5  having count(comm)>1;
where dept.deptno=emp.deptno and deptno=10 0r deptno=30
                                           *
ERROR at line 3:
ORA-00933: SQL command not properly ended 


SQL> select ename,dname
  2  from emp,dept
  3  where dept.deptno=emp.deptno comm is not null and emp.deptno in(10,30);
where dept.deptno=emp.deptno comm is not null and emp.deptno in(10,30)
                             *
ERROR at line 3:
ORA-00933: SQL command not properly ended 


SQL> select ename,dname
  2  from emp,dept
  3  where dept.deptno=emp.deptno comm is not null and (emp.deptno=10 or emp.deptno=30);
where dept.deptno=emp.deptno comm is not null and (emp.deptno=10 or emp.deptno=30)
                             *
ERROR at line 3:
ORA-00933: SQL command not properly ended 


SQL> select ename,dname
  2  from emp,dept
  3  where dept.deptno=emp.deptno and comm is not null and (emp.deptno=10 or emp.deptno=30);

ENAME      DNAME                                                                                    
---------- --------------                                                                           
ALLEN      SALES                                                                                    
WARD       SALES                                                                                    
MARTIN     SALES                                                                                    
TURNER     SALES                                                                                    

SQL> select dname,empno
  2  from emp,dept
  3  where dept.deptno=emp.deptno and emp.empno in(7839,7902) and loc='NEW YORK';

DNAME               EMPNO                                                                           
-------------- ----------                                                                           
ACCOUNTING           7839                                                                           

SQL> spool off;
