SQL> select *
  2  from emp
  3  where sal<2000 and deptno=10;

     EMPNO ENAME      JOB              MGR HIREDATE         SAL       COMM      
---------- ---------- --------- ---------- --------- ---------- ----------      
    DEPTNO                                                                      
----------                                                                      
      7934 MILLER     CLERK           7782 23-JAN-82       1300                 
        10                                                                      
                                                                                

SQL> set pages 100 lines 100
SQL> select sum(sal)
  2  from emp
  3  where job='CLERK';

  SUM(SAL)                                                                                          
----------                                                                                          
      4150                                                                                          

SQL> select avg(sal)
  2  from emp;

  AVG(SAL)                                                                                          
----------                                                                                          
2073.21429                                                                                          

SQL> select count(empno)
  2  from emp
  3  where ename like '%A%';

COUNT(EMPNO)                                                                                        
------------                                                                                        
           7                                                                                        

SQL> select count(empno)
  2  from emp
  3  where job in ('CLERK,MANAGER');

COUNT(EMPNO)                                                                                        
------------                                                                                        
           0                                                                                        

SQL> ED
Wrote file afiedt.buf

  1  select count(JOB)
  2  from emp
  3* where job in ('CLERK,MANAGER')
SQL> /

COUNT(JOB)                                                                                          
----------                                                                                          
         0                                                                                          

SQL> select *
  2  from emp;

     EMPNO ENAME      JOB              MGR HIREDATE         SAL       COMM     DEPTNO               
---------- ---------- --------- ---------- --------- ---------- ---------- ----------               
      7369 SMITH      CLERK           7902 17-DEC-80        800                    20               
      7499 ALLEN      SALESMAN        7698 20-FEB-81       1600        300         30               
      7521 WARD       SALESMAN        7698 22-FEB-81       1250        500         30               
      7566 JONES      MANAGER         7839 02-APR-81       2975                    20               
      7654 MARTIN     SALESMAN        7698 28-SEP-81       1250       1400         30               
      7698 BLAKE      MANAGER         7839 01-MAY-81       2850                    30               
      7782 CLARK      MANAGER         7839 09-JUN-81       2450                    10               
      7788 SCOTT      ANALYST         7566 19-APR-87       3000                    20               
      7839 KING       PRESIDENT            17-NOV-81       5000                    10               
      7844 TURNER     SALESMAN        7698 08-SEP-81       1500          0         30               
      7876 ADAMS      CLERK           7788 23-MAY-87       1100                    20               
      7900 JAMES      CLERK           7698 03-DEC-81        950                    30               
      7902 FORD       ANALYST         7566 03-DEC-81       3000                    20               
      7934 MILLER     CLERK           7782 23-JAN-82       1300                    10               

14 rows selected.

SQL> select count(job)
  2  from emp
  3  where job='CLERK' OR job='MANAGER';

COUNT(JOB)                                                                                          
----------                                                                                          
         7                                                                                          

SQL> select SUM(sal)
  2  from emp
  3  where hiredate like '%FEB%';

  SUM(SAL)                                                                                          
----------                                                                                          
      2850                                                                                          

SQL> select count(mgr)
  2  from emp
  3  where mgr=7839;

COUNT(MGR)                                                                                          
----------                                                                                          
         3                                                                                          

SQL> select count(comm)
  2  from emp
  3  where deptno=30;

COUNT(COMM)                                                                                         
-----------                                                                                         
          4                                                                                         

SQL> select avg(sal),sum(sal),count(empno),max(sal)
  2  from emp
  3  where job='PRESIDENT';

  AVG(SAL)   SUM(SAL) COUNT(EMPNO)   MAX(SAL)                                                       
---------- ---------- ------------ ----------                                                       
      5000       5000            1       5000                                                       

SQL> select count(empno)
  2  from emp
  3  where ename like'%A%';

COUNT(EMPNO)                                                                                        
------------                                                                                        
           7                                                                                        

SQL> select count(empno),sum(sal)
  2  from emp
  3  where ename like'%LL%;
ERROR:
ORA-01756: quoted string not properly terminated 


SQL> ed
Wrote file afiedt.buf

  1  select count(empno),sum(sal)
  2  from emp
  3* where ename like'%LL%'
SQL> /

COUNT(EMPNO)   SUM(SAL)                                                                             
------------ ----------                                                                             
           2       2900                                                                             

SQL> select count(deptno)
  2  from emp;

COUNT(DEPTNO)                                                                                       
-------------                                                                                       
           14                                                                                       

SQL> select count( distinct deptno)
  2  from emp;

COUNT(DISTINCTDEPTNO)                                                                               
---------------------                                                                               
                    3                                                                               

SQL> select count(ename)
  2  from emp
  3  where ename like'%!_%';

COUNT(ENAME)                                                                                        
------------                                                                                        
           0                                                                                        

SQL> select count(ename)
  2  from emp
  3  where ename like '%!%%%!';

COUNT(ENAME)                                                                                        
------------                                                                                        
           0                                                                                        

SQL> select sum(sal)
  2  from emp
  3  where j0b='CLERK' AND deptno=30;
where j0b='CLERK' AND deptno=30
      *
ERROR at line 3:
ORA-00904: "J0B": invalid identifier 


SQL> select sum(sal)
  2  from emp
  3  where JOB='CLERK' AND deptno=30;

  SUM(SAL)                                                                                          
----------                                                                                          
       950                                                                                          

SQL> select max(sal)
  2  from emp
  3  where JOB='ANALYST';

  MAX(SAL)                                                                                          
----------                                                                                          
      3000                                                                                          

SQL> select AVG(sal)
  2  FROM EMP
  3  where JOB='CLERK';

  AVG(SAL)                                                                                          
----------                                                                                          
    1037.5                                                                                          

SQL> select MAX(sal)
  2  from emp
  3  where deptno=10 and JOB in ('MANAGER,CLERK');

  MAX(SAL)                                                                                          
----------                                                                                          
                                                                                                    

SQL> select MAX(sal)
  2  from emp
  3  where deptno=10 and JOB='MANAGER'OR JOB='CLERK';

  MAX(SAL)                                                                                          
----------                                                                                          
      2450                                                                                          

SQL> SPOOL OFF;
